[www.neurolake.io/index.html]
[backblue.gif]
[fade.gif]
[index.html]
[ajax.googleapis.com/ajax/libs/webfont/1.5.3/webfont.js]
[www.neurolake.io/wp-includes/css/dist/block-library/style.min.css]
[www.neurolake.io/wp-content/plugins/woo-gutenberg-products-block/build/vendors.css]
[www.neurolake.io/wp-content/plugins/woo-gutenberg-products-block/build/featured-product.css]
[www.neurolake.io/wp-content/plugins/contact-form-7/includes/css/styles.css]
[www.neurolake.io/wp-content/plugins/radiantthemes-mega-menu/assets/css/rt-megamenu.css]
[www.neurolake.io/wp-content/plugins/revslider/public/assets/css/settings.css]
[www.neurolake.io/wp-content/plugins/woocommerce/assets/css/woocommerce-layout.css]
[www.neurolake.io/wp-content/plugins/woocommerce/assets/css/woocommerce-smallscreen.css]
[www.neurolake.io/wp-content/plugins/woocommerce/assets/css/woocommerce.css]
[www.neurolake.io/wp-content/themes/unbound/css/bootstrap.min.css]
[www.neurolake.io/wp-content/themes/unbound/css/font-awesome.min.css]
[www.neurolake.io/wp-content/themes/unbound/css/elusive-icons.min.css]
[www.neurolake.io/wp-content/themes/unbound/css/animate.min.css]
[www.neurolake.io/wp-content/plugins/js_composer/assets/css/js_composer.min.css]
[www.neurolake.io/wp-content/themes/unbound/css/radiantthemes-custom.css]
[www.neurolake.io/wp-content/themes/unbound/css/radiantthemes-responsive.css]
[www.neurolake.io/wp-content/themes/unbound/css/spinkit.min.css]
[www.neurolake.io/wp-content/themes/unbound/css/radiantthemes-header-style-eleven.css]
[www.neurolake.io/wp-content/themes/unbound/css/radiantthemes-footer-style-six.css]
[www.neurolake.io/wp-content/themes/unbound/style.css]
[www.neurolake.io/wp-content/themes/unbound/css/radiantthemes-user-custom.css]
[www.neurolake.io/wp-content/themes/unbound/css/radiantthemes-dynamic.css]
[www.neurolake.io/wp-content/plugins/radiantthemes-addons/button/css/radiantthemes-button-element-one.css]
[www.neurolake.io/wp-includes/js/jquery/jquery.js]
[www.neurolake.io/wp-includes/js/jquery/jquery-migrate.min.js]
[www.neurolake.io/wp-content/plugins/revslider/public/assets/js/jquery.themepunch.revolution.min.js]
[www.neurolake.io/wp-content/plugins/revslider/public/assets/js/jquery.themepunch.tools.min.js]
[www.neurolake.io/wp-content/plugins/woocommerce/assets/js/jquery-blockui/jquery.blockUI.min.js]
[www.neurolake.io/wp-content/plugins/woocommerce/assets/js/frontend/add-to-cart.min.js]
[www.neurolake.io/wp-content/plugins/js_composer/assets/js/vendors/woocommerce-add-to-cart.js]
[www.neurolake.io/wp-content/themes/unbound/js/retina.min.js]
[www.neurolake.io/wp-content/uploads/2019/04/favicon.png]
[themes.radiantthemes.com/unbound-datadump/wp-content/themes/unbound/images/Apple-Touch-Icon-180x180-Default.21.delayed]
[www.google-analytics.com/analytics.js]
[www.neurolake.io/wp-content/uploads/2019/04/Footer-Background-Image.png]
[themes.radiantthemes.com/unbound-datadump/wp-content/themes/unbound/images/404-Error-Style-One-Background-Image.png]
[themes.radiantthemes.com/unbound-datadump/wp-content/themes/unbound/images/Maintenance-More-Style-One-Image.png]
[themes.radiantthemes.com/unbound-datadump/wp-content/themes/unbound/images/Maintenance-More-Style-Two-Image.png]
[themes.radiantthemes.com/unbound-datadump/wp-content/themes/unbound/images/Maintenance-More-Style-Three-Image.png]
[themes.radiantthemes.com/unbound-datadump/wp-content/themes/unbound/images/Coming-Soon-Style-One-Background-Image.png]
[themes.radiantthemes.com/unbound-datadump/wp-content/themes/unbound/images/Coming-Soon-Style-Two-Background-Image.png]
[themes.radiantthemes.com/unbound-datadump/wp-content/themes/unbound/images/Coming-Soon-Style-Three-Background-Image.png]
[www.neurolake.io/wp-content/uploads/2019/04/globe363a.jpg]
[www.neurolake.io/wp-content/uploads/2019/04/Home-Eight-Advice-Background-Image.png]
[www.neurolake.io/index-2.html]
[www.neurolake.io/wp-content/uploads/2019/04/logo.png]
[www.neurolake.io/wp-content/uploads/2019/04/hhh.png]
[www.neurolake.io/wp-content/uploads/2019/04/f.png]
[www.neurolake.io/wp-content/uploads/2019/04/pp.png]
[www.neurolake.io/wp-content/uploads/2019/04/alfred_letra.png]
[www.neurolake.io/wp-content/uploads/2019/04/Hydra_peq.png]
[www.neurolake.io/wp-content/uploads/2019/04/Hydra-back.png]
[www.neurolake.io/wp-content/uploads/2019/04/Flame-novo.png]
[www.neurolake.io/wp-content/uploads/2019/04/Flame_peq.png]
[www.neurolake.io/wp-content/uploads/2019/04/Prophet_peq.png]
[www.neurolake.io/wp-content/uploads/2019/04/Prophet-Back.png]
[www.neurolake.io/wp-content/uploads/2019/04/Alfred_back.png]
[www.neurolake.io/wp-content/uploads/2019/04/Alfred_peq.png]
[www.neurolake.io/wp-content/uploads/2019/04/logoneurotech.png]
[www.neurolake.io/wp-content/plugins/radiantthemes-addons/custom-button/css/radiantthemes-custom-button.css]
[www.neurolake.io/wp-content/plugins/js_composer/assets/lib/bower/animate-css/animate.min.css]
[www.neurolake.io/wp-content/plugins/radiantthemes-addons/assets/css/icofont.min.css]
[www.neurolake.io/wp-content/plugins/contact-form-7/includes/js/scripts.js]
[www.neurolake.io/wp-content/plugins/radiantthemes-mega-menu/assets/js/rt-megamenu.js]
[www.neurolake.io/wp-content/plugins/woocommerce/assets/js/js-cookie/js.cookie.min.js]
[www.neurolake.io/wp-content/plugins/woocommerce/assets/js/frontend/woocommerce.min.js]
[www.neurolake.io/wp-content/plugins/woocommerce/assets/js/frontend/cart-fragments.min.js]
[www.neurolake.io/wp-content/themes/unbound/js/bootstrap.min.js]
[www.neurolake.io/wp-content/themes/unbound/js/jquery.sidr.min.js]
[www.neurolake.io/wp-content/themes/unbound/js/jquery.matchHeight-min.js]
[www.neurolake.io/wp-content/themes/unbound/js/wow.min.js]
[www.neurolake.io/wp-content/themes/unbound/js/jquery.nicescroll.min.js]
[www.neurolake.io/wp-content/themes/unbound/js/jquery.sticky.min.js]
[www.neurolake.io/wp-content/themes/unbound/js/radiantthemes-custom.js]
[www.neurolake.io/wp-content/plugins/js_composer/assets/js/dist/js_composer_front.min.js]
[www.neurolake.io/index.html]
[www.neurolake.io/wp-includes/css/dist/block-library/style.min.css]
[www.neurolake.io/wp-content/plugins/woo-gutenberg-products-block/build/vendors.css]
[www.neurolake.io/wp-content/plugins/woo-gutenberg-products-block/build/featured-product.css]
[www.neurolake.io/wp-content/plugins/js_composer/assets/lib/waypoints/waypoints.min.js]
[www.neurolake.io/wp-content/plugins/contact-form-7/includes/css/styles.css]
[www.neurolake.io/wp-content/plugins/radiantthemes-mega-menu/assets/css/rt-megamenu.css]
[www.neurolake.io/wp-content/plugins/revslider/public/assets/css/settings.css]
[www.neurolake.io/wp-content/plugins/woocommerce/assets/css/woocommerce-layout.css]
[www.neurolake.io/wp-content/plugins/woocommerce/assets/css/woocommerce-smallscreen.css]
[www.neurolake.io/wp-content/plugins/woocommerce/assets/css/woocommerce.css]
[www.neurolake.io/wp-content/themes/unbound/fonts/glyphicons-halflings-regular.eot]
[www.neurolake.io/wp-content/themes/unbound/fonts/glyphicons-halflings-regulard41d.eot]
[www.neurolake.io/wp-content/themes/unbound/fonts/glyphicons-halflings-regular.woff2]
[www.neurolake.io/wp-content/themes/unbound/fonts/glyphicons-halflings-regular.woff]
[www.neurolake.io/wp-content/themes/unbound/fonts/glyphicons-halflings-regular.ttf]
[www.neurolake.io/wp-content/themes/unbound/css/bootstrap.min.css]
[www.neurolake.io/wp-content/themes/unbound/fonts/glyphicons-halflings-regular.svg]
[www.neurolake.io/wp-content/themes/unbound/fonts/fontawesome-webfont3e6e.eot]
[www.neurolake.io/wp-content/themes/unbound/fonts/fontawesome-webfontd41d.eot]
[www.neurolake.io/wp-content/themes/unbound/fonts/fontawesome-webfont3e6e.woff2]
[www.neurolake.io/wp-content/themes/unbound/fonts/fontawesome-webfont3e6e.woff]
[www.neurolake.io/wp-content/themes/unbound/fonts/fontawesome-webfont3e6e.ttf]
[www.neurolake.io/wp-content/themes/unbound/css/font-awesome.min.css]
[www.neurolake.io/wp-content/themes/unbound/fonts/fontawesome-webfont3e6e.svg]
[www.neurolake.io/wp-content/themes/unbound/fonts/elusiveicons-webfont28b5.eot]
[www.neurolake.io/wp-content/themes/unbound/fonts/elusiveicons-webfontd41d.eot]
[www.neurolake.io/wp-content/themes/unbound/fonts/elusiveicons-webfont28b5.woff]
[www.neurolake.io/wp-content/themes/unbound/fonts/elusiveicons-webfont28b5.ttf]
[www.neurolake.io/wp-content/themes/unbound/css/elusive-icons.min.css]
[www.neurolake.io/wp-content/themes/unbound/css/animate.min.css]
[www.neurolake.io/wp-content/themes/unbound/fonts/elusiveicons-webfont28b5.svg]
[www.neurolake.io/wp-content/plugins/js_composer/assets/css/js_composer.min.css]
[www.neurolake.io/wp-content/themes/unbound/css/radiantthemes-custom.css]
[www.neurolake.io/wp-content/themes/unbound/css/radiantthemes-responsive.css]
[www.neurolake.io/wp-content/themes/unbound/css/spinkit.min.css]
[www.neurolake.io/wp-content/themes/unbound/css/radiantthemes-header-style-eleven.css]
[www.neurolake.io/wp-content/themes/unbound/css/radiantthemes-footer-style-six.css]
[www.neurolake.io/wp-content/themes/unbound/style.css]
[www.neurolake.io/wp-content/themes/unbound/css/radiantthemes-user-custom.css]
[www.neurolake.io/wp-content/themes/unbound/css/radiantthemes-dynamic.css]
[www.neurolake.io/wp-content/plugins/radiantthemes-addons/button/css/radiantthemes-button-element-one.css]
[themes.radiantthemes.com/unbound-datadump/wp-content/themes/unbound/images/Apple-Touch-Icon-180x180-Default.html]
[www.neurolake.io/wp-content/uploads/2018/05/Inner-Banner-Background-Image.png]
[themes.radiantthemes.com/unbound-datadump/wp-content/themes/unbound/images/404-Error-Style-One-Background-Image.html]
[themes.radiantthemes.com/unbound-datadump/wp-content/themes/unbound/images/Maintenance-More-Style-One-Image.html]
[themes.radiantthemes.com/unbound-datadump/wp-content/themes/unbound/images/Maintenance-More-Style-Two-Image.html]
[themes.radiantthemes.com/unbound-datadump/wp-content/themes/unbound/images/Maintenance-More-Style-Three-Image.html]
[themes.radiantthemes.com/unbound-datadump/wp-content/themes/unbound/images/Coming-Soon-Style-One-Background-Image.html]
[themes.radiantthemes.com/unbound-datadump/wp-content/themes/unbound/images/Coming-Soon-Style-Two-Background-Image.html]
[themes.radiantthemes.com/unbound-datadump/wp-content/themes/unbound/images/Coming-Soon-Style-Three-Background-Image.html]
[www.neurolake.io/index-2.html]
[www.neurolake.io/wp-content/uploads/2018/05/logo-black.png]
[www.neurolake.io/about-page-one/index.html]
[www.neurolake.io/about-page-two/index.html]
[www.neurolake.io/about-page-three/index.html]
[www.neurolake.io/about-page-four/index.html]
[www.neurolake.io/about-page-five/index.html]
[www.neurolake.io/service-simple/index.html]
[www.neurolake.io/service-classic/index.html]
[www.neurolake.io/service-modern/index.html]
[www.neurolake.io/service-corporate/index.html]
[www.neurolake.io/service-sidebar/index.html]
[www.neurolake.io/shop/index.html]
[www.neurolake.io/blog/index.html]
[www.neurolake.io/contact-page-one/index.html]
[www.neurolake.io/contact-page-two/index.html]
[www.neurolake.io/contact-page-three/index.html]
[www.neurolake.io/contact-page-four/index.html]
[www.neurolake.io/wp-content/plugins/radiantthemes-addons/custom-button/css/radiantthemes-custom-button.css]
[www.neurolake.io/wp-content/plugins/js_composer/assets/lib/bower/animate-css/animate.min.css]
[www.neurolake.io/wp-content/plugins/radiantthemes-addons/iconbox/css/radiantthemes-iconbox-element-one.css]
[www.neurolake.io/wp-content/plugins/radiantthemes-addons/assets/fonts/icofont.woff]
[www.neurolake.io/wp-content/plugins/radiantthemes-addons/assets/css/icofont.min.css]
[www.neurolake.io/wp-content/plugins/contact-form-7/images/ajax-loader.gif]
[www.neurolake.io/wp-content/plugins/revslider/public/assets/fonts/revicons/revicons90c6.eot]
[www.neurolake.io/wp-content/plugins/revslider/public/assets/fonts/revicons/revicons90c6.woff]
[www.neurolake.io/wp-content/plugins/revslider/public/assets/fonts/revicons/revicons90c6.ttf]
[www.neurolake.io/wp-content/plugins/revslider/public/assets/fonts/revicons/revicons90c6.svg]
[www.neurolake.io/wp-content/plugins/revslider/public/assets/css/openhand.cur]
[www.neurolake.io/wp-content/plugins/revslider/public/assets/css/closedhand.cur]
[www.neurolake.io/wp-content/plugins/revslider/public/assets/assets/gridtile.png]
[www.neurolake.io/wp-content/plugins/revslider/public/assets/assets/gridtile_white.png]
[www.neurolake.io/wp-content/plugins/revslider/public/assets/assets/gridtile_3x3.png]
[www.neurolake.io/wp-content/plugins/revslider/public/assets/assets/gridtile_3x3_white.png]
[www.neurolake.io/wp-content/plugins/revslider/public/assets/assets/coloredbg.png]
[www.neurolake.io/wp-content/plugins/revslider/public/assets/assets/loader.gif]
[www.neurolake.io/wp-content/plugins/woocommerce/assets/fonts/star.eot]
[www.neurolake.io/wp-content/plugins/woocommerce/assets/fonts/stard41d.eot]
[www.neurolake.io/wp-content/plugins/woocommerce/assets/fonts/star.woff]
[www.neurolake.io/wp-content/plugins/woocommerce/assets/fonts/star.ttf]
[www.neurolake.io/wp-content/plugins/woocommerce/assets/fonts/star.svg]
[www.neurolake.io/wp-content/plugins/woocommerce/assets/fonts/WooCommerce.eot]
[www.neurolake.io/wp-content/plugins/woocommerce/assets/fonts/WooCommerced41d.eot]
[www.neurolake.io/wp-content/plugins/woocommerce/assets/fonts/WooCommerce.woff]
[www.neurolake.io/wp-content/plugins/woocommerce/assets/fonts/WooCommerce.ttf]
[www.neurolake.io/wp-content/plugins/woocommerce/assets/fonts/WooCommerce.svg]
[www.neurolake.io/wp-content/plugins/woocommerce/assets/images/icons/loader.svg]
[www.neurolake.io/wp-content/plugins/woocommerce/assets/images/icons/credit-cards/visa.svg]
[www.neurolake.io/wp-content/plugins/woocommerce/assets/images/icons/credit-cards/mastercard.svg]
[www.neurolake.io/wp-content/plugins/woocommerce/assets/images/icons/credit-cards/laser.svg]
[www.neurolake.io/wp-content/plugins/woocommerce/assets/images/icons/credit-cards/diners.svg]
[www.neurolake.io/wp-content/plugins/woocommerce/assets/images/icons/credit-cards/maestro.svg]
[www.neurolake.io/wp-content/plugins/woocommerce/assets/images/icons/credit-cards/jcb.svg]
[www.neurolake.io/wp-content/plugins/woocommerce/assets/images/icons/credit-cards/amex.svg]
[www.neurolake.io/wp-content/plugins/woocommerce/assets/images/icons/credit-cards/discover.svg]
[www.neurolake.io/wp-content/themes/unbound/fonts/glyphicons-halflings-regular.svg]
[www.neurolake.io/wp-content/themes/unbound/fonts/fontawesome-webfont3e6e.svg]
[www.neurolake.io/wp-content/themes/unbound/fonts/elusiveicons-webfont28b5.svg]
[www.neurolake.io/wp-content/plugins/js_composer/assets/vc/alert.png]
[www.neurolake.io/wp-content/plugins/js_composer/assets/vc/info.png]
[www.neurolake.io/wp-content/plugins/js_composer/assets/vc/tick.png]
[www.neurolake.io/wp-content/plugins/js_composer/assets/vc/exclamation.png]
[www.neurolake.io/wp-content/plugins/js_composer/assets/images/icons/address-book.png]
[www.neurolake.io/wp-content/plugins/js_composer/assets/images/icons/alarm-clock.png]
[www.neurolake.io/wp-content/plugins/js_composer/assets/images/icons/anchor.png]
[www.neurolake.io/wp-content/plugins/js_composer/assets/images/icons/application-image.png]
[www.neurolake.io/wp-content/plugins/js_composer/assets/images/icons/arrow.png]
[www.neurolake.io/wp-content/plugins/js_composer/assets/images/icons/asterisk.png]
[www.neurolake.io/wp-content/plugins/js_composer/assets/images/icons/auction-hammer.png]
[www.neurolake.io/wp-content/plugins/js_composer/assets/images/icons/balloon.png]
[www.neurolake.io/wp-content/plugins/js_composer/assets/images/icons/balloon-buzz.png]
[www.neurolake.io/wp-content/plugins/js_composer/assets/images/icons/balloon-facebook.png]
[www.neurolake.io/wp-content/plugins/js_composer/assets/images/icons/balloon-twitter.png]
[www.neurolake.io/wp-content/plugins/js_composer/assets/images/icons/battery-full.png]
[www.neurolake.io/wp-content/plugins/js_composer/assets/images/icons/binocular.png]
[www.neurolake.io/wp-content/plugins/js_composer/assets/images/icons/blue-document-excel.png]
[www.neurolake.io/wp-content/plugins/js_composer/assets/images/icons/blue-document-image.png]
[www.neurolake.io/wp-content/plugins/js_composer/assets/images/icons/blue-document-music.png]
[www.neurolake.io/wp-content/plugins/js_composer/assets/images/icons/blue-document-office.png]
[www.neurolake.io/wp-content/plugins/js_composer/assets/images/icons/blue-document-pdf.png]
[www.neurolake.io/wp-content/plugins/js_composer/assets/images/icons/blue-document-powerpoint.png]
[www.neurolake.io/wp-content/plugins/js_composer/assets/images/icons/blue-document-word.png]
[www.neurolake.io/wp-content/plugins/js_composer/assets/images/icons/bookmark.png]
[www.neurolake.io/wp-content/plugins/js_composer/assets/images/icons/camcorder.png]
[www.neurolake.io/wp-content/plugins/js_composer/assets/images/icons/camera.png]
[www.neurolake.io/wp-content/plugins/js_composer/assets/images/icons/chart.png]
[www.neurolake.io/wp-content/plugins/js_composer/assets/images/icons/chart-pie.png]
[www.neurolake.io/wp-content/plugins/js_composer/assets/images/icons/clock.png]
[www.neurolake.io/wp-content/plugins/js_composer/assets/images/icons/control.png]
[www.neurolake.io/wp-content/plugins/js_composer/assets/images/icons/fire.png]
[www.neurolake.io/wp-content/plugins/js_composer/assets/images/icons/heart.png]
[www.neurolake.io/wp-content/plugins/js_composer/assets/images/icons/mail.png]
[www.neurolake.io/wp-content/plugins/js_composer/assets/images/icons/plus-shield.png]
[www.neurolake.io/wp-content/plugins/js_composer/assets/images/icons/video.png]
[www.neurolake.io/wp-content/plugins/js_composer/assets/fonts/vc_icons_v2/fonts/vcpb-plugin-iconsb82a.eot]
[www.neurolake.io/wp-content/plugins/js_composer/assets/fonts/vc_icons_v2/fonts/vcpb-plugin-iconsb82a.ttf]
[www.neurolake.io/wp-content/plugins/js_composer/assets/fonts/vc_icons_v2/fonts/vcpb-plugin-iconsb82a.woff]
[www.neurolake.io/wp-content/plugins/js_composer/assets/fonts/vc_icons_v2/fonts/vcpb-plugin-iconsb82a.svg]
[www.neurolake.io/wp-content/plugins/js_composer/assets/images/toggle_open.png]
[www.neurolake.io/wp-content/plugins/js_composer/assets/images/toggle_close.png]
[www.neurolake.io/wp-content/plugins/js_composer/assets/images/flickr.png]
[www.neurolake.io/wp-content/plugins/js_composer/assets/vc/blur.svg]
[www.neurolake.io/wp-content/plugins/js_composer/assets/fonts/vc_grid/vc_grid_v157a1.eot]
[www.neurolake.io/wp-content/plugins/js_composer/assets/fonts/vc_grid/vc_grid_v1d41d.eot]
[www.neurolake.io/wp-content/plugins/js_composer/assets/fonts/vc_grid/vc_grid_v157a1.woff]
[www.neurolake.io/wp-content/plugins/js_composer/assets/fonts/vc_grid/vc_grid_v157a1.ttf]
[www.neurolake.io/wp-content/plugins/js_composer/assets/fonts/vc_grid/vc_grid_v157a1.svg]
[www.neurolake.io/wp-content/plugins/js_composer/assets/images/spinner.gif]
[www.neurolake.io/wp-content/plugins/js_composer/assets/vc/remove.png]
[www.neurolake.io/wp-content/themes/unbound/images/blog-001-footer-icons.png]
